// Jest Snapshot v1, https://goo.gl/fbAQLP

exports[`Square changes text on click 1`] = `
<div
  onClick={[Function]}
>
  on
</div>
`;
